
 Windows PowerShell
Copyright (C) Microsoft Corporation. Todos los derechos reservados.

Prueba la nueva tecnología PowerShell multiplataforma https://aka.ms/pscore6

PS C:\Users\maria> git
usage: git [--version] [--help] [-C <path>] [-c <name>=<value>]
           [--exec-path[=<path>]] [--html-path] [--man-path] [--info-path]
           [-p | --paginate | -P | --no-pager] [--no-replace-objects] [--bare]
           [--git-dir=<path>] [--work-tree=<path>] [--namespace=<name>]
           [--super-prefix=<path>] [--config-env=<name>=<envvar>]
           <command> [<args>]

These are common Git commands used in various situations:

start a working area (see also: git help tutorial)
   clone             Clone a repository into a new directory
   init              Create an empty Git repository or reinitialize an existing one

work on the current change (see also: git help everyday)
   add               Add file contents to the index
   mv                Move or rename a file, a directory, or a symlink
   restore           Restore working tree files
   rm                Remove files from the working tree and from the index
   sparse-checkout   Initialize and modify the sparse-checkout

examine the history and state (see also: git help revisions)
   bisect            Use binary search to find the commit that introduced a bug
   diff              Show changes between commits, commit and working tree, etc
   grep              Print lines matching a pattern
   log               Show commit logs
   show              Show various types of objects
   status            Show the working tree status

grow, mark and tweak your common history
   branch            List, create, or delete branches
   commit            Record changes to the repository
   merge             Join two or more development histories together
   rebase            Reapply commits on top of another base tip
   reset             Reset current HEAD to the specified state
   switch            Switch branches
   tag               Create, list, delete or verify a tag object signed with GPG

collaborate (see also: git help workflows)
   fetch             Download objects and refs from another repository
   pull              Fetch from and integrate with another repository or a local branch
   push              Update remote refs along with associated objects

'git help -a' and 'git help -g' list available subcommands and some
concept guides. See 'git help <command>' or 'git help <concept>'
to read about a specific subcommand or concept.
See 'git help git' for an overview of the system.
PS C:\Users\maria> cd /
PS C:\> cd ejemplogit
cd : No se encuentra la ruta de acceso 'C:\ejemplogit' porque no existe.
En línea: 1 Carácter: 1
+ cd ejemplogit
+ ~~~~~~~~~~~~~
    + CategoryInfo          : ObjectNotFound: (C:\ejemplogit:String) [Set-Location], ItemNot
   FoundException
    + FullyQualifiedErrorId : PathNotFound,Microsoft.PowerShell.Commands.SetLocationCommand

PS C:\> cd C:\Users\maria\Desktop\Curso Especializacion en Python\ejemplogit
Set-Location : No se encuentra ningún parámetro de posición que acepte el argumento
'Especializacion'.
En línea: 1 Carácter: 1
+ cd C:\Users\maria\Desktop\Curso Especializacion en Python\ejemplogit
+ ~~~~~~~~~~~~~~~~~~~~~~~~~~~~~~~~~~~~~~~~~~~~~~~~~~~~~~~~~~~~~~~~~~~~
    + CategoryInfo          : InvalidArgument: (:) [Set-Location], ParameterBindingException
    + FullyQualifiedErrorId : PositionalParameterNotFound,Microsoft.PowerShell.Commands.SetL
   ocationCommand

PS C:\> cd "C:\Users\maria\Desktop\Curso Especializacion en Python\ejemplogit"
PS C:\Users\maria\Desktop\Curso Especializacion en Python\ejemplogit> ls


    Directorio: C:\Users\maria\Desktop\Curso Especializacion en Python\ejemplogit


Mode                 LastWriteTime         Length Name
----                 -------------         ------ ----
-a----        20/04/2021     18:50             48 lista_compra.txt.txt
-a----        20/04/2021     18:50              9 otro.txt


PS C:\Users\maria\Desktop\Curso Especializacion en Python\ejemplogit> git init
Initialized empty Git repository in C:/Users/maria/Desktop/Curso Especializacion en Python/ejemplogit/.git/
PS C:\Users\maria\Desktop\Curso Especializacion en Python\ejemplogit> git status
On branch master

No commits yet

Untracked files:
  (use "git add <file>..." to include in what will be committed)
        lista_compra.txt.txt
        otro.txt

nothing added to commit but untracked files present (use "git add" to track)
PS C:\Users\maria\Desktop\Curso Especializacion en Python\ejemplogit> git add .\lista_compra.txt.txt
PS C:\Users\maria\Desktop\Curso Especializacion en Python\ejemplogit> git status
On branch master

No commits yet

Changes to be committed:
  (use "git rm --cached <file>..." to unstage)
        new file:   lista_compra.txt.txt

Untracked files:
  (use "git add <file>..." to include in what will be committed)
        otro.txt

PS C:\Users\maria\Desktop\Curso Especializacion en Python\ejemplogit> git commit -m "primera versión"
Author identity unknown

*** Please tell me who you are.

Run

  git config --global user.email "you@example.com"
  git config --global user.name "Your Name"

to set your account's default identity.
Omit --global to set the identity only in this repository.

fatal: unable to auto-detect email address (got 'maria@DESKTOP-3R4A76K.(none)')
PS C:\Users\maria\Desktop\Curso Especializacion en Python\ejemplogit> git status
On branch master

No commits yet

Changes to be committed:
  (use "git rm --cached <file>..." to unstage)
        new file:   lista_compra.txt.txt

Untracked files:
  (use "git add <file>..." to include in what will be committed)
        otro.txt

PS C:\Users\maria\Desktop\Curso Especializacion en Python\ejemplogit> git commit -m "primera version"
Author identity unknown

*** Please tell me who you are.

Run

  git config --global user.email "you@example.com"
  git config --global user.name "Your Name"

to set your account's default identity.
Omit --global to set the identity only in this repository.

fatal: unable to auto-detect email address (got 'maria@DESKTOP-3R4A76K.(none)')
PS C:\Users\maria\Desktop\Curso Especializacion en Python\ejemplogit> git status
On branch master

No commits yet

Changes to be committed:
  (use "git rm --cached <file>..." to unstage)
        new file:   lista_compra.txt.txt

Untracked files:
  (use "git add <file>..." to include in what will be committed)
        otro.txt

PS C:\Users\maria\Desktop\Curso Especializacion en Python\ejemplogit> git commit -m "primera version"
Author identity unknown

*** Please tell me who you are.

Run

  git config --global user.email "you@example.com"
  git config --global user.name "Your Name"

to set your account's default identity.
Omit --global to set the identity only in this repository.

fatal: unable to auto-detect email address (got 'maria@DESKTOP-3R4A76K.(none)')
PS C:\Users\maria\Desktop\Curso Especializacion en Python\ejemplogit> git config --global user.name "María"
PS C:\Users\maria\Desktop\Curso Especializacion en Python\ejemplogit> git commit -m "Primera versión"
Author identity unknown

*** Please tell me who you are.

Run

  git config --global user.email "you@example.com"
  git config --global user.name "Your Name"

to set your account's default identity.
Omit --global to set the identity only in this repository.

fatal: unable to auto-detect email address (got 'maria@DESKTOP-3R4A76K.(none)')
PS C:\Users\maria\Desktop\Curso Especializacion en Python\ejemplogit> git config user.name "Maria"
PS C:\Users\maria\Desktop\Curso Especializacion en Python\ejemplogit> git commit -m "Primera versión"
Author identity unknown

*** Please tell me who you are.

Run

  git config --global user.email "you@example.com"
  git config --global user.name "Your Name"

to set your account's default identity.
Omit --global to set the identity only in this repository.

fatal: unable to auto-detect email address (got 'maria@DESKTOP-3R4A76K.(none)')
PS C:\Users\maria\Desktop\Curso Especializacion en Python\ejemplogit> git config us           error: key does not contain a section: us
PS C:\Users\maria\Desktop\Curso Especializacion en Python\ejemplogit> git config user.name "Maria"
PS C:\Users\maria\Desktop\Curso Especializacion en Python\ejemplogit> git commit -m "Primera versión"
Author identity unknown

*** Please tell me who you are.

Run

  git config --global user.email "you@example.com"
  git config --global user.name "Your Name"

to set your account's default identity.
Omit --global to set the identity only in this repository.

fatal: unable to auto-detect email address (got 'maria@DESKTOP-3R4A76K.(none)')
PS C:\Users\maria\Desktop\Curso Especializacion en Python\ejemplogit> git config user.email "correo@correo.com"
PS C:\Users\maria\Desktop\Curso Especializacion en Python\ejemplogit> git commit -m "Primera versión"
[master (root-commit) e750895] Primera versión
 1 file changed, 4 insertions(+)
 create mode 100644 lista_compra.txt.txt
PS C:\Users\maria\Desktop\Curso Especializacion en Python\ejemplogit> git status
On branch master
Untracked files:
  (use "git add <file>..." to include in what will be committed)
        otro.txt

nothing added to commit but untracked files present (use "git add" to track)
PS C:\Users\maria\Desktop\Curso Especializacion en Python\ejemplogit> git commit -a -m "descripción"
[master 0e92417] descripción
 1 file changed, 2 insertions(+), 1 deletion(-)
PS C:\Users\maria\Desktop\Curso Especializacion en Python\ejemplogit> git diff
PS C:\Users\maria\Desktop\Curso Especializacion en Python\ejemplogit> git status
On branch master
Untracked files:
  (use "git add <file>..." to include in what will be committed)
        otro.txt

nothing added to commit but untracked files present (use "git add" to track)
PS C:\Users\maria\Desktop\Curso Especializacion en Python\ejemplogit> git status
On branch master
Untracked files:
  (use "git add <file>..." to include in what will be committed)
        otro.txt

nothing added to commit but untracked files present (use "git add" to track)
PS C:\Users\maria\Desktop\Curso Especializacion en Python\ejemplogit> git status
On branch master
Changes not staged for commit:
  (use "git add <file>..." to update what will be committed)
  (use "git restore <file>..." to discard changes in working directory)
        modified:   lista_compra.txt.txt

Untracked files:
  (use "git add <file>..." to include in what will be committed)
        otro.txt

no changes added to commit (use "git add" and/or "git commit -a")
PS C:\Users\maria\Desktop\Curso Especializacion en Python\ejemplogit> git commut -a -m "HE AÑADIDO ALGO MÁS"
git: 'commut' is not a git command. See 'git --help'.

The most similar command is
        commit
PS C:\Users\maria\Desktop\Curso Especializacion en Python\ejemplogit> git commut -a -m "HE AÑADIDO ALGO MÁS"I
git: 'commut' is not a git command. See 'git --help'.

The most similar command is
        commit
PS C:\Users\maria\Desktop\Curso Especializacion en Python\ejemplogit> git status
On branch master
Changes not staged for commit:
  (use "git add <file>..." to update what will be committed)
  (use "git restore <file>..." to discard changes in working directory)
        modified:   lista_compra.txt.txt

Untracked files:
  (use "git add <file>..." to include in what will be committed)
        otro.txt

no changes added to commit (use "git add" and/or "git commit -a")
PS C:\Users\maria\Desktop\Curso Especializacion en Python\ejemplogit> git commit -a -m "HE AÑADIDO ALGO MÁS"
[master 71e033b] HE AÑADIDO ALGO MÁS
 1 file changed, 2 insertions(+), 1 deletion(-)
PS C:\Users\maria\Desktop\Curso Especializacion en Python\ejemplogit> git diff
PS C:\Users\maria\Desktop\Curso Especializacion en Python\ejemplogit> git status
On branch master
Changes not staged for commit:
  (use "git add <file>..." to update what will be committed)
  (use "git restore <file>..." to discard changes in working directory)
        modified:   lista_compra.txt.txt

Untracked files:
  (use "git add <file>..." to include in what will be committed)
        otro.txt

no changes added to commit (use "git add" and/or "git commit -a")
PS C:\Users\maria\Desktop\Curso Especializacion en Python\ejemplogit> git diff
diff --git a/lista_compra.txt.txt b/lista_compra.txt.txt
index 91e99bb..65ebe14 100644
--- a/lista_compra.txt.txt
+++ b/lista_compra.txt.txt
@@ -3,4 +3,3 @@ lista de la compra
 -manzanas
 -peras
 -kiwis
--sopa
\ No newline at end of file
PS C:\Users\maria\Desktop\Curso Especializacion en Python\ejemplogit> git diff
diff --git a/lista_compra.txt.txt b/lista_compra.txt.txt
index 91e99bb..69d460a 100644
--- a/lista_compra.txt.txt
+++ b/lista_compra.txt.txt
@@ -1,6 +1,6 @@
 lista de la compra
 -platanos
--manzanas
 -peras
 -kiwis
--sopa
\ No newline at end of file
+-Sandia
+-Pollo
PS C:\Users\maria\Desktop\Curso Especializacion en Python\ejemplogit> git log
commit 71e033ba1fddd23f5286c5ccf7948eeafb0a56a0 (HEAD -> master)
Author: Maria <correo@correo.com>
Date:   Tue Apr 20 19:10:08 2021 +0200

    HE AÑADIDO ALGO MÁS

commit 0e92417f8bd7c4dd46a991f982c02aa3a1c555fb
Author: Maria <correo@correo.com>
Date:   Tue Apr 20 19:07:19 2021 +0200

    descripción

commit e750895ff8d725237408a075105f438af4dad4be
Author: Maria <correo@correo.com>
Date:   Tue Apr 20 19:06:17 2021 +0200

    Primera versión
PS C:\Users\maria\Desktop\Curso Especializacion en Python\ejemplogit> git remote add origin https://github.com/magiju/magiju.git
PS C:\Users\maria\Desktop\Curso Especializacion en Python\ejemplogit> git -M main
unknown option: -M
usage: git [--version] [--help] [-C <path>] [-c <name>=<value>]
           [--exec-path[=<path>]] [--html-path] [--man-path] [--info-path]
           [-p | --paginate | -P | --no-pager] [--no-replace-objects] [--bare]
           [--git-dir=<path>] [--work-tree=<path>] [--namespace=<name>]
           [--super-prefix=<path>] [--config-env=<name>=<envvar>]
           <command> [<args>]
PS C:\Users\maria\Desktop\Curso Especializacion en Python\ejemplogit> git remote add origin https://github.com/magiju/magiju.git
error: remote origin already exists.
PS C:\Users\maria\Desktop\Curso Especializacion en Python\ejemplogit> git branch -M main
PS C:\Users\maria\Desktop\Curso Especializacion en Python\ejemplogit> git push -u origin main
info: please complete authentication in your browser...
Enumerating objects: 9, done.
Counting objects: 100% (9/9), done.
Delta compression using up to 4 threads
Compressing objects: 100% (5/5), done.
Writing objects: 100% (9/9), 770 bytes | 59.00 KiB/s, done.
Total 9 (delta 1), reused 0 (delta 0), pack-reused 0
remote: Resolving deltas: 100% (1/1), done.
To https://github.com/magiju/magiju.git
 * [new branch]      main -> main
Branch 'main' set up to track remote branch 'main' from 'origin'.
PS C:\Users\maria\Desktop\Curso Especializacion en Python\ejemplogit> git config user.name "magiju"  --global
PS C:\Users\maria\Desktop\Curso Especializacion en Python\ejemplogit> git config user.email "magiju.mg@gmail.com"  --global
PS C:\Users\maria\Desktop\Curso Especializacion en Python\ejemplogit> git config user.name "magiju"
warning: user.name has multiple values
error: cannot overwrite multiple values with a single value
       Use a regexp, --add or --replace-all to change user.name.
PS C:\Users\maria\Desktop\Curso Especializacion en Python\ejemplogit> git config user.name "magiju"  --global
PS C:\Users\maria\Desktop\Curso Especializacion en Python\ejemplogit> git config user.email "magiju.mg@gmail.com"  --global
PS C:\Users\maria\Desktop\Curso Especializacion en Python\ejemplogit> git pull
Already up to date.
PS C:\Users\maria\Desktop\Curso Especializacion en Python\ejemplogit> git status
On branch main
Your branch is up to date with 'origin/main'.

Changes not staged for commit:
  (use "git add <file>..." to update what will be committed)
  (use "git restore <file>..." to discard changes in working directory)
        modified:   lista_compra.txt.txt

Untracked files:
  (use "git add <file>..." to include in what will be committed)
        otro.txt
        powershell.txt

no changes added to commit (use "git add" and/or "git commit -a")
PS C:\Users\maria\Desktop\Curso Especializacion en Python\ejemplogit> git commit -a -m "actualizado"
[main 7173dac] actualizado
 1 file changed, 3 insertions(+), 2 deletions(-)
PS C:\Users\maria\Desktop\Curso Especializacion en Python\ejemplogit> git status
On branch main
Your branch is ahead of 'origin/main' by 1 commit.
  (use "git push" to publish your local commits)

Untracked files:
  (use "git add <file>..." to include in what will be committed)
        otro.txt
        powershell.txt

nothing added to commit but untracked files present (use "git add" to track)
PS C:\Users\maria\Desktop\Curso Especializacion en Python\ejemplogit> git push
Enumerating objects: 5, done.
Counting objects: 100% (5/5), done.
Delta compression using up to 4 threads
Compressing objects: 100% (2/2), done.
Writing objects: 100% (3/3), 310 bytes | 77.00 KiB/s, done.
Total 3 (delta 0), reused 0 (delta 0), pack-reused 0
To https://github.com/magiju/magiju.git
   71e033b..7173dac  main -> main
PS C:\Users\maria\Desktop\Curso Especializacion en Python\ejemplogit>